// Jest Snapshot v1, https://goo.gl/fbAQLP

exports[`Image Component Image renders correctly when pending 1`] = `
<div
  className="sc-bdVaJa grdsmr"
>
  <div
    className="sc-bwzfXH IQLxr"
  >
    <p
      className="MuiTypography-root-7 MuiTypography-body1-16"
    >
      Uploading image
    </p>
  </div>
</div>
`;

exports[`Image Component Image renders correctly when upload fails 1`] = `
<div
  className="sc-bdVaJa ikyrKG"
>
  uploading image
</div>
`;

exports[`Image Component Image renders correctly when wrong format 1`] = `
<div
  className="sc-bdVaJa ikyrKG"
>
  uploading image
</div>
`;
